Command line invocation:
    /Applications/Xcode.app/Contents/Developer/usr/bin/xcodebuild -project Flow.xcodeproj -scheme FlowClip -destination generic/platform=iOS CODE_SIGNING_ALLOWED=NO CODE_SIGNING_REQUIRED=NO CODE_SIGN_IDENTITY=

Build settings from command line:
    CODE_SIGN_IDENTITY = 
    CODE_SIGNING_ALLOWED = NO
    CODE_SIGNING_REQUIRED = NO

note: Using codesigning identity override: 
ComputePackagePrebuildTargetDependencyGraph

Prepare packages

CreateBuildRequest

SendProjectDescription

CreateBuildOperation

ComputeTargetDependencyGraph
note: Building targets in dependency order
note: Target dependency graph (1 target)
    Target 'FlowClip' in project 'Flow' (no dependencies)

GatherProvisioningInputs

CreateBuildDescription

ExecuteExternalTool /Applications/Xcode.app/Contents/Developer/Toolchains/XcodeDefault.xctoolchain/usr/bin/clang -v -E -dM -isysroot /Applications/Xcode.app/Contents/Developer/Platforms/iPhoneOS.platform/Developer/SDKs/iPhoneOS26.5.sdk -x c -c /dev/null

ExecuteExternalTool /Applications/Xcode.app/Contents/Developer/Toolchains/XcodeDefault.xctoolchain/usr/bin/swiftc --version

ExecuteExternalTool /Applications/Xcode.app/Contents/Developer/Toolchains/XcodeDefault.xctoolchain/usr/bin/ld -version_details

Build description signature: 5e0edeabf734d040f6e110dbc3a2101a
Build description path: /Users/antoinebleuze/Library/Developer/Xcode/DerivedData/Flow-bqqodlwdchcvqgeykljylokhbwlf/Build/Intermediates.noindex/XCBuildData/5e0edeabf734d040f6e110dbc3a2101a.xcbuilddata
ClangStatCache /Applications/Xcode.app/Contents/Developer/Toolchains/XcodeDefault.xctoolchain/usr/bin/clang-stat-cache /Applications/Xcode.app/Contents/Developer/Platforms/iPhoneOS.platform/Developer/SDKs/iPhoneOS26.5.sdk /Users/antoinebleuze/Library/Developer/Xcode/DerivedData/SDKStatCaches.noindex/iphoneos26.5-23F73-688ef53f1462e2c8f657fdc38a81448f32daed1954a7d5dd0789fcaf2a9bb78b.sdkstatcache
    cd /Users/antoinebleuze/Documents/projet\ xcode/Flow/Flow.xcodeproj
    /Applications/Xcode.app/Contents/Developer/Toolchains/XcodeDefault.xctoolchain/usr/bin/clang-stat-cache /Applications/Xcode.app/Contents/Developer/Platforms/iPhoneOS.platform/Developer/SDKs/iPhoneOS26.5.sdk -o /Users/antoinebleuze/Library/Developer/Xcode/DerivedData/SDKStatCaches.noindex/iphoneos26.5-23F73-688ef53f1462e2c8f657fdc38a81448f32daed1954a7d5dd0789fcaf2a9bb78b.sdkstatcache

ProcessInfoPlistFile /Users/antoinebleuze/Library/Developer/Xcode/DerivedData/Flow-bqqodlwdchcvqgeykljylokhbwlf/Build/Products/Debug-iphoneos/FlowClip.app/Info.plist /Users/antoinebleuze/Documents/projet\ xcode/Flow/FlowClip/Info.plist (in target 'FlowClip' from project 'Flow')
    cd /Users/antoinebleuze/Documents/projet\ xcode/Flow
    builtin-infoPlistUtility /Users/antoinebleuze/Documents/projet\ xcode/Flow/FlowClip/Info.plist -producttype com.apple.product-type.application.on-demand-install-capable -genpkginfo /Users/antoinebleuze/Library/Developer/Xcode/DerivedData/Flow-bqqodlwdchcvqgeykljylokhbwlf/Build/Products/Debug-iphoneos/FlowClip.app/PkgInfo -expandbuildsettings -format binary -platform iphoneos -requiredArchitecture arm64 -o /Users/antoinebleuze/Library/Developer/Xcode/DerivedData/Flow-bqqodlwdchcvqgeykljylokhbwlf/Build/Products/Debug-iphoneos/FlowClip.app/Info.plist

SwiftDriver FlowClip normal arm64 com.apple.xcode.tools.swift.compiler (in target 'FlowClip' from project 'Flow')
    cd /Users/antoinebleuze/Documents/projet\ xcode/Flow
    builtin-SwiftDriver -- /Applications/Xcode.app/Contents/Developer/Toolchains/XcodeDefault.xctoolchain/usr/bin/swiftc -module-name FlowClip -Onone @/Users/antoinebleuze/Library/Developer/Xcode/DerivedData/Flow-bqqodlwdchcvqgeykljylokhbwlf/Build/Intermediates.noindex/Flow.build/Debug-iphoneos/FlowClip.build/Objects-normal/arm64/FlowClip.SwiftFileList -DDEBUG -default-isolation\=MainActor -enable-bare-slash-regex -enable-upcoming-feature DisableOutwardActorInference -enable-upcoming-feature InferSendableFromCaptures -enable-upcoming-feature GlobalActorIsolatedTypesUsability -enable-upcoming-feature MemberImportVisibility -enable-upcoming-feature InferIsolatedConformances -enable-upcoming-feature NonisolatedNonsendingByDefault -enable-experimental-feature DebugDescriptionMacro -sdk /Applications/Xcode.app/Contents/Developer/Platforms/iPhoneOS.platform/Developer/SDKs/iPhoneOS26.5.sdk -target arm64-apple-ios26.1 -g -module-cache-path /Users/antoinebleuze/Library/Developer/Xcode/DerivedData/ModuleCache.noindex -Xfrontend -serialize-debugging-options -enable-testing -index-store-path /Users/antoinebleuze/Library/Developer/Xcode/DerivedData/Flow-bqqodlwdchcvqgeykljylokhbwlf/Index.noindex/DataStore -Xcc -D_LIBCPP_HARDENING_MODE\=_LIBCPP_HARDENING_MODE_DEBUG -swift-version 5 -I /Users/antoinebleuze/Library/Developer/Xcode/DerivedData/Flow-bqqodlwdchcvqgeykljylokhbwlf/Build/Products/Debug-iphoneos -F /Users/antoinebleuze/Library/Developer/Xcode/DerivedData/Flow-bqqodlwdchcvqgeykljylokhbwlf/Build/Products/Debug-iphoneos -emit-localized-strings -emit-localized-strings-path /Users/antoinebleuze/Library/Developer/Xcode/DerivedData/Flow-bqqodlwdchcvqgeykljylokhbwlf/Build/Intermediates.noindex/Flow.build/Debug-iphoneos/FlowClip.build/Objects-normal/arm64 -c -j10 -enable-batch-mode -incremental -Xcc -ivfsstatcache -Xcc /Users/antoinebleuze/Library/Developer/Xcode/DerivedData/SDKStatCaches.noindex/iphoneos26.5-23F73-688ef53f1462e2c8f657fdc38a81448f32daed1954a7d5dd0789fcaf2a9bb78b.sdkstatcache -output-file-map /Users/antoinebleuze/Library/Developer/Xcode/DerivedData/Flow-bqqodlwdchcvqgeykljylokhbwlf/Build/Intermediates.noindex/Flow.build/Debug-iphoneos/FlowClip.build/Objects-normal/arm64/FlowClip-OutputFileMap.json -use-frontend-parseable-output -save-temps -no-color-diagnostics -explicit-module-build -module-cache-path /Users/antoinebleuze/Library/Developer/Xcode/DerivedData/Flow-bqqodlwdchcvqgeykljylokhbwlf/Build/Intermediates.noindex/SwiftExplicitPrecompiledModules -clang-scanner-module-cache-path /Users/antoinebleuze/Library/Developer/Xcode/DerivedData/ModuleCache.noindex -sdk-module-cache-path /Users/antoinebleuze/Library/Developer/Xcode/DerivedData/ModuleCache.noindex -serialize-diagnostics -emit-dependencies -emit-module -emit-module-path /Users/antoinebleuze/Library/Developer/Xcode/DerivedData/Flow-bqqodlwdchcvqgeykljylokhbwlf/Build/Intermediates.noindex/Flow.build/Debug-iphoneos/FlowClip.build/Objects-normal/arm64/FlowClip.swiftmodule -validate-clang-modules-once -clang-build-session-file /Users/antoinebleuze/Library/Developer/Xcode/DerivedData/ModuleCache.noindex/Session.modulevalidation -Xcc -I/Users/antoinebleuze/Library/Developer/Xcode/DerivedData/Flow-bqqodlwdchcvqgeykljylokhbwlf/Build/Intermediates.noindex/Flow.build/Debug-iphoneos/FlowClip.build/swift-overrides.hmap -emit-const-values -Xfrontend -const-gather-protocols-file -Xfrontend /Users/antoinebleuze/Library/Developer/Xcode/DerivedData/Flow-bqqodlwdchcvqgeykljylokhbwlf/Build/Intermediates.noindex/Flow.build/Debug-iphoneos/FlowClip.build/Objects-normal/arm64/FlowClip_const_extract_protocols.json -Xcc -iquote -Xcc /Users/antoinebleuze/Library/Developer/Xcode/DerivedData/Flow-bqqodlwdchcvqgeykljylokhbwlf/Build/Intermediates.noindex/Flow.build/Debug-iphoneos/FlowClip.build/FlowClip-generated-files.hmap -Xcc -I/Users/antoinebleuze/Library/Developer/Xcode/DerivedData/Flow-bqqodlwdchcvqgeykljylokhbwlf/Build/Intermediates.noindex/Flow.build/Debug-iphoneos/FlowClip.build/FlowClip-own-target-headers.hmap -Xcc -I/Users/antoinebleuze/Library/Developer/Xcode/DerivedData/Flow-bqqodlwdchcvqgeykljylokhbwlf/Build/Intermediates.noindex/Flow.build/Debug-iphoneos/FlowClip.build/FlowClip-all-target-headers.hmap -Xcc -iquote -Xcc /Users/antoinebleuze/Library/Developer/Xcode/DerivedData/Flow-bqqodlwdchcvqgeykljylokhbwlf/Build/Intermediates.noindex/Flow.build/Debug-iphoneos/FlowClip.build/FlowClip-project-headers.hmap -Xcc -I/Users/antoinebleuze/Library/Developer/Xcode/DerivedData/Flow-bqqodlwdchcvqgeykljylokhbwlf/Build/Products/Debug-iphoneos/include -Xcc -I/Users/antoinebleuze/Library/Developer/Xcode/DerivedData/Flow-bqqodlwdchcvqgeykljylokhbwlf/Build/Intermediates.noindex/Flow.build/Debug-iphoneos/FlowClip.build/DerivedSources-normal/arm64 -Xcc -I/Users/antoinebleuze/Library/Developer/Xcode/DerivedData/Flow-bqqodlwdchcvqgeykljylokhbwlf/Build/Intermediates.noindex/Flow.build/Debug-iphoneos/FlowClip.build/DerivedSources/arm64 -Xcc -I/Users/antoinebleuze/Library/Developer/Xcode/DerivedData/Flow-bqqodlwdchcvqgeykljylokhbwlf/Build/Intermediates.noindex/Flow.build/Debug-iphoneos/FlowClip.build/DerivedSources -Xcc -DDEBUG\=1 -emit-objc-header -emit-objc-header-path /Users/antoinebleuze/Library/Developer/Xcode/DerivedData/Flow-bqqodlwdchcvqgeykljylokhbwlf/Build/Intermediates.noindex/Flow.build/Debug-iphoneos/FlowClip.build/Objects-normal/arm64/FlowClip-Swift.h -working-directory /Users/antoinebleuze/Documents/projet\ xcode/Flow -experimental-emit-module-separately -disable-cmo

SwiftCompile normal arm64 Compiling\ MapModels.swift /Users/antoinebleuze/Documents/projet\ xcode/Flow/Flow/Models/MapModels.swift (in target 'FlowClip' from project 'Flow')

SwiftCompile normal arm64 /Users/antoinebleuze/Documents/projet\ xcode/Flow/Flow/Models/MapModels.swift (in target 'FlowClip' from project 'Flow')
    cd /Users/antoinebleuze/Documents/projet\ xcode/Flow
    
/Users/antoinebleuze/Documents/projet xcode/Flow/Flow/Models/MapModels.swift:346:53: warning: main actor-isolated conformance of 'ReferentielLignes' to 'Decodable' cannot be used in nonisolated context; this is an error in the Swift 6 language mode
                let referentiel = try JSONDecoder().decode(ReferentielLignes.self, from: data)
                                                    ^
/Users/antoinebleuze/Documents/projet xcode/Flow/Flow/Models/MapModels.swift:450:70: warning: main actor-isolated property 'coordinate' can not be referenced from a nonisolated context
                let centroidLat = clusterStops.reduce(0.0) { $0 + $1.coordinate.latitude } / Double(clusterStops.count)
                                                                     ^
/Users/antoinebleuze/Documents/projet xcode/Flow/Flow/Models/MapModels.swift:120:9: note: property declared here
    var coordinate: CLLocationCoordinate2D {
        ^
/Users/antoinebleuze/Documents/projet xcode/Flow/Flow/Models/MapModels.swift:451:70: warning: main actor-isolated property 'coordinate' can not be referenced from a nonisolated context
                let centroidLon = clusterStops.reduce(0.0) { $0 + $1.coordinate.longitude } / Double(clusterStops.count)
                                                                     ^
/Users/antoinebleuze/Documents/projet xcode/Flow/Flow/Models/MapModels.swift:120:9: note: property declared here
    var coordinate: CLLocationCoordinate2D {
        ^
/Users/antoinebleuze/Documents/projet xcode/Flow/Flow/Models/MapModels.swift:454:62: warning: main actor-isolated property 'coordinate' can not be referenced from a nonisolated context
                let stopLocation = CLLocation(latitude: stop.coordinate.latitude, longitude: stop.coordinate.longitude)
                                                             ^
/Users/antoinebleuze/Documents/projet xcode/Flow/Flow/Models/MapModels.swift:120:9: note: property declared here
    var coordinate: CLLocationCoordinate2D {
        ^
/Users/antoinebleuze/Documents/projet xcode/Flow/Flow/Models/MapModels.swift:454:99: warning: main actor-isolated property 'coordinate' can not be referenced from a nonisolated context
                let stopLocation = CLLocation(latitude: stop.coordinate.latitude, longitude: stop.coordinate.longitude)
                                                                                                  ^
/Users/antoinebleuze/Documents/projet xcode/Flow/Flow/Models/MapModels.swift:120:9: note: property declared here
    var coordinate: CLLocationCoordinate2D {
        ^
/Users/antoinebleuze/Documents/projet xcode/Flow/Flow/Models/MapModels.swift:528:37: warning: call to main actor-isolated instance method 'loadTracesFromCache()' in a synchronous nonisolated context
            let tracesLoaded = self.loadTracesFromCache()
                                    ^
/Users/antoinebleuze/Documents/projet xcode/Flow/Flow/Models/MapModels.swift:469:18: note: calls to instance method 'loadTracesFromCache()' from outside of its actor context are implicitly asynchronous
    private func loadTracesFromCache() -> Bool {
                 ^
/Users/antoinebleuze/Documents/projet xcode/Flow/Flow/Models/MapModels.swift:529:39: warning: call to main actor-isolated instance method 'loadStationsFromCache()' in a synchronous nonisolated context
            let stationsLoaded = self.loadStationsFromCache()
                                      ^
/Users/antoinebleuze/Documents/projet xcode/Flow/Flow/Models/MapModels.swift:241:18: note: calls to instance method 'loadStationsFromCache()' from outside of its actor context are implicitly asynchronous
    private func loadStationsFromCache() -> Bool {
                 ^
/Users/antoinebleuze/Documents/projet xcode/Flow/Flow/Models/MapModels.swift:542:58: warning: main actor-isolated property 'cacheURL' can not be referenced from a Sendable closure
            try? FileManager.default.removeItem(at: self.cacheURL)
                                                         ^
/Users/antoinebleuze/Documents/projet xcode/Flow/Flow/Models/MapModels.swift:221:17: note: property declared here
    private var cacheURL: URL {
                ^
/Users/antoinebleuze/Documents/projet xcode/Flow/Flow/Models/MapModels.swift:543:58: warning: main actor-isolated property 'stationsCacheURL' can not be referenced from a Sendable closure
            try? FileManager.default.removeItem(at: self.stationsCacheURL)
                                                         ^
/Users/antoinebleuze/Documents/projet xcode/Flow/Flow/Models/MapModels.swift:226:17: note: property declared here
    private var stationsCacheURL: URL {
                ^
/Users/antoinebleuze/Documents/projet xcode/Flow/Flow/Models/MapModels.swift:545:18: warning: call to main actor-isolated instance method 'loadTracesCold()' in a synchronous nonisolated context
            self.loadTracesCold()
                 ^
/Users/antoinebleuze/Documents/projet xcode/Flow/Flow/Models/MapModels.swift:568:18: note: calls to instance method 'loadTracesCold()' from outside of its actor context are implicitly asynchronous
    private func loadTracesCold() {
                 ^
/Users/antoinebleuze/Documents/projet xcode/Flow/Flow/Models/MapModels.swift:549:18: warning: call to main actor-isolated instance method 'loadAdditionalTracesCold()' in a synchronous nonisolated context
            self.loadAdditionalTracesCold()  // Chargement du Câble 1 depuis le CSV
/Users/antoinebleuze/Documents/projet xcode/Flow/Flow/Models/MapModels.swift:1643:18: note: calls to instance method 'loadAdditionalTracesCold()' from outside of its actor context are implicitly asynchronous
    private func loadAdditionalTracesCold() {
                 ^
/Users/antoinebleuze/Documents/projet xcode/Flow/Flow/Models/MapModels.swift:553:18: warning: call to main actor-isolated instance method 'loadStopsCold()' in a synchronous nonisolated context
            self.loadStopsCold()
                 ^
/Users/antoinebleuze/Documents/projet xcode/Flow/Flow/Models/MapModels.swift:818:18: note: calls to instance method 'loadStopsCold()' from outside of its actor context are implicitly asynchronous
    private func loadStopsCold() {
                 ^
/Users/antoinebleuze/Documents/projet xcode/Flow/Flow/Models/MapModels.swift:736:48: warning: main actor-isolated static property 'shared' can not be referenced from a Sendable closure
                let container = SwiftDataStack.shared.container
                                               ^
/Users/antoinebleuze/Documents/projet xcode/Flow/Flow/Data/SwiftDataStack.swift:6:16: note: static property declared here
    static let shared = SwiftDataStack()
               ^
/Users/antoinebleuze/Documents/projet xcode/Flow/Flow/Models/MapModels.swift:738:22: warning: call to main actor-isolated instance method 'clearBusStopPoints(in:)' in a synchronous nonisolated context
                self.clearBusStopPoints(in: initialContext)
                     ^
/Users/antoinebleuze/Documents/projet xcode/Flow/Flow/Models/MapModels.swift:1005:18: note: calls to instance method 'clearBusStopPoints(in:)' from outside of its actor context are implicitly asynchronous
    private func clearBusStopPoints(in context: ModelContext) {
                 ^
/Users/antoinebleuze/Documents/projet xcode/Flow/Flow/Models/MapModels.swift:1175:71: warning: main actor-isolated property 'coordinate' can not be referenced from a nonisolated context
                    let totalLat = clusterStops.reduce(0.0) { $0 + $1.coordinate.latitude }
                                                                      ^
/Users/antoinebleuze/Documents/projet xcode/Flow/Flow/Models/MapModels.swift:120:9: note: property declared here
    var coordinate: CLLocationCoordinate2D {
        ^
/Users/antoinebleuze/Documents/projet xcode/Flow/Flow/Models/MapModels.swift:1176:71: warning: main actor-isolated property 'coordinate' can not be referenced from a nonisolated context
                    let totalLon = clusterStops.reduce(0.0) { $0 + $1.coordinate.longitude }
                                                                      ^
/Users/antoinebleuze/Documents/projet xcode/Flow/Flow/Models/MapModels.swift:120:9: note: property declared here
    var coordinate: CLLocationCoordinate2D {
        ^
/Users/antoinebleuze/Documents/projet xcode/Flow/Flow/Models/MapModels.swift:1187:35: warning: main actor-isolated conformance of 'StationLine' to 'Hashable' cannot be used in nonisolated context; this is an error in the Swift 6 language mode
                let uniqueLines = Set(clusterStops.map { StationLine(name: $0.lineName, type: $0.type) })
                                  ^
/Users/antoinebleuze/Documents/projet xcode/Flow/Flow/Models/MapModels.swift:1188:35: warning: main actor-isolated conformance of 'StationLine' to 'Hashable' cannot be used in nonisolated context; this is an error in the Swift 6 language mode
                let sortedLines = Array(uniqueLines).sorted { $0.name < $1.name }
                                  ^
/Users/antoinebleuze/Documents/projet xcode/Flow/Flow/Models/MapModels.swift:1193:31: warning: call to main actor-isolated initializer 'init(id:name:coordinate:platforms:isHub:mainType:lines:city:)' in a synchronous nonisolated context
                let station = MapStation(
                              ^
/Users/antoinebleuze/Documents/projet xcode/Flow/Flow/Models/MapModels.swift:151:5: note: calls to initializer 'init(id:name:coordinate:platforms:isHub:mainType:lines:city:)' from outside of its actor context are implicitly asynchronous
    init(id: String, name: String, coordinate: CLLocationCoordinate2D, platforms: [StopPoint], isHub: Bool, mainType: TransportType, lines: [StationLine], city: String? = nil) {
    ^
/Users/antoinebleuze/Documents/projet xcode/Flow/Flow/Models/MapModels.swift:1226:44: warning: main actor-isolated property 'priority' can not be referenced from a nonisolated context
                    let priorityA = a.type.priority
                                           ^
/Users/antoinebleuze/Documents/projet xcode/Flow/Flow/Models/TransportModels.swift:26:9: note: property declared here
    var priority: Int {
        ^
/Users/antoinebleuze/Documents/projet xcode/Flow/Flow/Models/MapModels.swift:1227:44: warning: main actor-isolated property 'priority' can not be referenced from a nonisolated context
                    let priorityB = b.type.priority
                                           ^
/Users/antoinebleuze/Documents/projet xcode/Flow/Flow/Models/TransportModels.swift:26:9: note: property declared here
    var priority: Int {
        ^
/Users/antoinebleuze/Documents/projet xcode/Flow/Flow/Models/MapModels.swift:1244:36: warning: call to main actor-isolated initializer 'init(id:name:coordinate:platforms:isHub:mainType:lines:city:)' in a synchronous nonisolated context
                finalStations[i] = MapStation(
                                   ^
/Users/antoinebleuze/Documents/projet xcode/Flow/Flow/Models/MapModels.swift:151:5: note: calls to initializer 'init(id:name:coordinate:platforms:isHub:mainType:lines:city:)' from outside of its actor context are implicitly asynchronous
    init(id: String, name: String, coordinate: CLLocationCoordinate2D, platforms: [StopPoint], isHub: Bool, mainType: TransportType, lines: [StationLine], city: String? = nil) {
    ^
/Users/antoinebleuze/Documents/projet xcode/Flow/Flow/Models/MapModels.swift:1247:50: warning: main actor-isolated property 'coordinate' can not be referenced from a nonisolated context
                    coordinate: finalStations[i].coordinate,
                                                 ^
/Users/antoinebleuze/Documents/projet xcode/Flow/Flow/Models/MapModels.swift:147:9: note: property declared here
    var coordinate: CLLocationCoordinate2D {
        ^
/Users/antoinebleuze/Documents/projet xcode/Flow/Flow/Models/MapModels.swift:1258:61: warning: reference to captured var 'initialStations' in concurrently-executing code; this is an error in the Swift 6 language mode
            self.updateStationsOnMainActor(initialStations: initialStations, finalStations: finalStations)
                                                            ^
/Users/antoinebleuze/Documents/projet xcode/Flow/Flow/Models/MapModels.swift:1258:93: warning: reference to captured var 'finalStations' in concurrently-executing code; this is an error in the Swift 6 language mode
            self.updateStationsOnMainActor(initialStations: initialStations, finalStations: finalStations)
                                                                                            ^
/Users/antoinebleuze/Documents/projet xcode/Flow/Flow/Models/MapModels.swift:1361:64: warning: main actor-isolated property 'coordinate' can not be referenced from a nonisolated context
        let totalLat = centroidPlatforms.reduce(0.0) { $0 + $1.coordinate.latitude }
                                                               ^
/Users/antoinebleuze/Documents/projet xcode/Flow/Flow/Models/MapModels.swift:120:9: note: property declared here
    var coordinate: CLLocationCoordinate2D {
        ^
/Users/antoinebleuze/Documents/projet xcode/Flow/Flow/Models/MapModels.swift:1362:64: warning: main actor-isolated property 'coordinate' can not be referenced from a nonisolated context
        let totalLon = centroidPlatforms.reduce(0.0) { $0 + $1.coordinate.longitude }
                                                               ^
/Users/antoinebleuze/Documents/projet xcode/Flow/Flow/Models/MapModels.swift:120:9: note: property declared here
    var coordinate: CLLocationCoordinate2D {
        ^
/Users/antoinebleuze/Documents/projet xcode/Flow/Flow/Models/MapModels.swift:1384:27: warning: main actor-isolated conformance of 'StationLine' to 'Hashable' cannot be used in nonisolated context; this is an error in the Swift 6 language mode
        let uniqueLines = Set(allPlatforms.map { StationLine(name: $0.lineName, type: $0.type) })
                          ^
/Users/antoinebleuze/Documents/projet xcode/Flow/Flow/Models/MapModels.swift:1385:27: warning: main actor-isolated conformance of 'StationLine' to 'Hashable' cannot be used in nonisolated context; this is an error in the Swift 6 language mode
        let sortedLines = Array(uniqueLines).sorted { $0.name < $1.name }
                          ^
/Users/antoinebleuze/Documents/projet xcode/Flow/Flow/Models/MapModels.swift:1387:16: warning: call to main actor-isolated initializer 'init(id:name:coordinate:platforms:isHub:mainType:lines:city:)' in a synchronous nonisolated context
        return MapStation(
               ^
/Users/antoinebleuze/Documents/projet xcode/Flow/Flow/Models/MapModels.swift:151:5: note: calls to initializer 'init(id:name:coordinate:platforms:isHub:mainType:lines:city:)' from outside of its actor context are implicitly asynchronous
    init(id: String, name: String, coordinate: CLLocationCoordinate2D, platforms: [StopPoint], isHub: Bool, mainType: TransportType, lines: [StationLine], city: String? = nil) {
    ^
/Users/antoinebleuze/Documents/projet xcode/Flow/Flow/Models/MapModels.swift:1469:57: warning: main actor-isolated property 'coordinate' can not be referenced from a nonisolated context
                let loc1 = CLLocation(latitude: station.coordinate.latitude, longitude: station.coordinate.longitude)
                                                        ^
/Users/antoinebleuze/Documents/projet xcode/Flow/Flow/Models/MapModels.swift:147:9: note: property declared here
    var coordinate: CLLocationCoordinate2D {
        ^
/Users/antoinebleuze/Documents/projet xcode/Flow/Flow/Models/MapModels.swift:1469:97: warning: main actor-isolated property 'coordinate' can not be referenced from a nonisolated context
                let loc1 = CLLocation(latitude: station.coordinate.latitude, longitude: station.coordinate.longitude)
                                                                                                ^
/Users/antoinebleuze/Documents/projet xcode/Flow/Flow/Models/MapModels.swift:147:9: note: property declared here
    var coordinate: CLLocationCoordinate2D {
        ^
/Users/antoinebleuze/Documents/projet xcode/Flow/Flow/Models/MapModels.swift:1470:55: warning: main actor-isolated property 'coordinate' can not be referenced from a nonisolated context
                let loc2 = CLLocation(latitude: other.coordinate.latitude, longitude: other.coordinate.longitude)
                                                      ^
/Users/antoinebleuze/Documents/projet xcode/Flow/Flow/Models/MapModels.swift:147:9: note: property declared here
    var coordinate: CLLocationCoordinate2D {
        ^
/Users/antoinebleuze/Documents/projet xcode/Flow/Flow/Models/MapModels.swift:1470:93: warning: main actor-isolated property 'coordinate' can not be referenced from a nonisolated context
                let loc2 = CLLocation(latitude: other.coordinate.latitude, longitude: other.coordinate.longitude)
                                                                                            ^
/Users/antoinebleuze/Documents/projet xcode/Flow/Flow/Models/MapModels.swift:147:9: note: property declared here
    var coordinate: CLLocationCoordinate2D {
        ^
/Users/antoinebleuze/Documents/projet xcode/Flow/Flow/Models/MapModels.swift:1498:24: warning: call to main actor-isolated initializer 'init(id:name:coordinate:platforms:isHub:mainType:lines:city:)' in a synchronous nonisolated context
                return MapStation(
                       ^
/Users/antoinebleuze/Documents/projet xcode/Flow/Flow/Models/MapModels.swift:151:5: note: calls to initializer 'init(id:name:coordinate:platforms:isHub:mainType:lines:city:)' from outside of its actor context are implicitly asynchronous
    init(id: String, name: String, coordinate: CLLocationCoordinate2D, platforms: [StopPoint], isHub: Bool, mainType: TransportType, lines: [StationLine], city: String? = nil) {
    ^
/Users/antoinebleuze/Documents/projet xcode/Flow/Flow/Models/MapModels.swift:1501:41: warning: main actor-isolated property 'coordinate' can not be referenced from a nonisolated context
                    coordinate: station.coordinate,
                                        ^
/Users/antoinebleuze/Documents/projet xcode/Flow/Flow/Models/MapModels.swift:147:9: note: property declared here
    var coordinate: CLLocationCoordinate2D {
        ^
/Users/antoinebleuze/Documents/projet xcode/Flow/Flow/Models/MapModels.swift:1814:13: error: cannot find 'FavoritesService' in scope
            FavoritesService.shared.isFavorite(stationId: station.id) ||
            ^~~~~~~~~~~~~~~~
/Users/antoinebleuze/Documents/projet xcode/Flow/Flow/Models/MapModels.swift:1840:35: warning: main actor-isolated property 'coordinate' can not be referenced from a nonisolated context
                let lat = station.coordinate.latitude
                                  ^
/Users/antoinebleuze/Documents/projet xcode/Flow/Flow/Models/MapModels.swift:147:9: note: property declared here
    var coordinate: CLLocationCoordinate2D {
        ^
/Users/antoinebleuze/Documents/projet xcode/Flow/Flow/Models/MapModels.swift:1841:35: warning: main actor-isolated property 'coordinate' can not be referenced from a nonisolated context
                let lon = station.coordinate.longitude
                                  ^
/Users/antoinebleuze/Documents/projet xcode/Flow/Flow/Models/MapModels.swift:147:9: note: property declared here
    var coordinate: CLLocationCoordinate2D {
        ^
/Users/antoinebleuze/Documents/projet xcode/Flow/Flow/Models/MapModels.swift:1923:25: warning: main actor-isolated property 'color' can not be mutated from a nonisolated context
                colored.color = MapPlatformColor(item.line.color)
                        ^
/Users/antoinebleuze/Documents/projet xcode/Flow/Flow/Models/MapModels.swift:1923:25: note: consider declaring an isolated method on 'MainActor' to perform the mutation
                colored.color = MapPlatformColor(item.line.color)
                        ^
/Users/antoinebleuze/Documents/projet xcode/Flow/Flow/Models/MapModels.swift:18:9: note: mutation of this property is only permitted within the actor
    var color: MapPlatformColor = .blue
        ^
/Users/antoinebleuze/Documents/projet xcode/Flow/Flow/Models/MapModels.swift:1924:25: warning: main actor-isolated property 'lineName' can not be mutated from a nonisolated context
                colored.lineName = item.line.name
                        ^
/Users/antoinebleuze/Documents/projet xcode/Flow/Flow/Models/MapModels.swift:1924:25: note: consider declaring an isolated method on 'MainActor' to perform the mutation
                colored.lineName = item.line.name
                        ^
/Users/antoinebleuze/Documents/projet xcode/Flow/Flow/Models/MapModels.swift:19:9: note: mutation of this property is only permitted within the actor
    var lineName: String = ""
        ^
/Users/antoinebleuze/Documents/projet xcode/Flow/Flow/Models/MapModels.swift:1925:25: warning: main actor-isolated property 'type' can not be mutated from a nonisolated context
                colored.type = item.line.type
                        ^
/Users/antoinebleuze/Documents/projet xcode/Flow/Flow/Models/MapModels.swift:1925:25: note: consider declaring an isolated method on 'MainActor' to perform the mutation
                colored.type = item.line.type
                        ^
/Users/antoinebleuze/Documents/projet xcode/Flow/Flow/Models/MapModels.swift:22:9: note: mutation of this property is only permitted within the actor
    var type: TransportType = .metro
        ^
/Users/antoinebleuze/Documents/projet xcode/Flow/Flow/Models/MapModels.swift:1877:47: warning: main actor-isolated property 'polylines' cannot be accessed from outside of the actor; this is an error in the Swift 6 language mode
                for (index, polyline) in line.polylines.enumerated() {
                                         ~~~~~^~~~~~~~~~~~~~~~~~~~~~
                                         await 

Failed frontend command:
/Applications/Xcode.app/Contents/Developer/Toolchains/XcodeDefault.xctoolchain/usr/bin/swift-frontend -frontend -c /Users/antoinebleuze/Documents/projet\ xcode/Flow/Flow/Services/IDFMService.swift /Users/antoinebleuze/Documents/projet\ xcode/Flow/FlowClip/AppClipContentView.swift /Users/antoinebleuze/Documents/projet\ xcode/Flow/FlowClip/FlowClipApp.swift /Users/antoinebleuze/Documents/projet\ xcode/Flow/Flow/Services/TrafficService.swift /Users/antoinebleuze/Documents/projet\ xcode/Flow/Flow/Services/FlowServerService.swift /Users/antoinebleuze/Documents/projet\ xcode/Flow/Flow/Services/LocalDataService.swift /Users/antoinebleuze/Documents/projet\ xcode/Flow/Flow/Services/LocationManager.swift -primary-file /Users/antoinebleuze/Documents/projet\ xcode/Flow/Flow/Models/MapModels.swift /Users/antoinebleuze/Documents/projet\ xcode/Flow/Flow/Models/StopPointModel.swift /Users/antoinebleuze/Documents/projet\ xcode/Flow/Flow/Services/GeoJSONModels.swift /Users/antoinebleuze/Documents/projet\ xcode/Flow/Flow/Services/CSVParser.swift /Users/antoinebleuze/Documents/projet\ xcode/Flow/Flow/Models/TransportModels.swift /Users/antoinebleuze/Documents/projet\ xcode/Flow/Flow/Models/RealTimeModels.swift /Users/antoinebleuze/Documents/projet\ xcode/Flow/Flow/Extensions/DateFormatterHelper.swift /Users/antoinebleuze/Documents/projet\ xcode/Flow/Flow/Models/ItineraryModels.swift /Users/antoinebleuze/Documents/projet\ xcode/Flow/Flow/Data/SwiftDataStack.swift /Users/antoinebleuze/Documents/projet\ xcode/Flow/Flow/Models/TransportLineModel.swift /Users/antoinebleuze/Documents/projet\ xcode/Flow/Flow/Models/CoordinatePointModel.swift /Users/antoinebleuze/Documents/projet\ xcode/Flow/Flow/Extensions/UIColor+Hex.swift -emit-dependencies-path /Users/antoinebleuze/Library/Developer/Xcode/DerivedData/Flow-bqqodlwdchcvqgeykljylokhbwlf/Build/Intermediates.noindex/Flow.build/Debug-iphoneos/FlowClip.build/Objects-normal/arm64/MapModels.d -emit-const-values-path /Users/antoinebleuze/Library/Developer/Xcode/DerivedData/Flow-bqqodlwdchcvqgeykljylokhbwlf/Build/Intermediates.noindex/Flow.build/Debug-iphoneos/FlowClip.build/Objects-normal/arm64/MapModels.swiftconstvalues -emit-reference-dependencies-path /Users/antoinebleuze/Library/Developer/Xcode/DerivedData/Flow-bqqodlwdchcvqgeykljylokhbwlf/Build/Intermediates.noindex/Flow.build/Debug-iphoneos/FlowClip.build/Objects-normal/arm64/MapModels.swiftdeps -serialize-diagnostics-path /Users/antoinebleuze/Library/Developer/Xcode/DerivedData/Flow-bqqodlwdchcvqgeykljylokhbwlf/Build/Intermediates.noindex/Flow.build/Debug-iphoneos/FlowClip.build/Objects-normal/arm64/MapModels.dia -emit-localized-strings -emit-localized-strings-path /Users/antoinebleuze/Library/Developer/Xcode/DerivedData/Flow-bqqodlwdchcvqgeykljylokhbwlf/Build/Intermediates.noindex/Flow.build/Debug-iphoneos/FlowClip.build/Objects-normal/arm64 -target arm64-apple-ios26.1 -module-can-import-version UIKit 9126.5.5.2 9126.5.5 -disable-cross-import-overlay-search -swift-module-cross-import MapKit /Applications/Xcode.app/Contents/Developer/Platforms/iPhoneOS.platform/Developer/SDKs/iPhoneOS.sdk/System/Library/Frameworks/MapKit.framework/Modules/MapKit.swiftcrossimport/SwiftUI.swiftoverlay -swift-module-cross-import SwiftData /Applications/Xcode.app/Contents/Developer/Platforms/iPhoneOS.platform/Developer/SDKs/iPhoneOS26.5.sdk/System/Library/Frameworks/SwiftData.framework/Modules/SwiftData.swiftcrossimport/CoreData.swiftoverlay -swift-module-cross-import SwiftData /Applications/Xcode.app/Contents/Developer/Platforms/iPhoneOS.platform/Developer/SDKs/iPhoneOS26.5.sdk/System/Library/Frameworks/SwiftData.framework/Modules/SwiftData.swiftcrossimport/SwiftUI.swiftoverlay -load-resolved-plugin /Applications/Xcode.app/Contents/Developer/Platforms/iPhoneOS.platform/Developer/usr/lib/swift/host/plugins/libFoundationMacros.dylib\#/Applications/Xcode.app/Contents/Developer/Platforms/iPhoneOS.platform/Developer/usr/bin/swift-plugin-server\#FoundationMacros -load-resolved-plugin /Applications/Xcode.app/Contents/Developer/Platforms/iPhoneOS.platform/Developer/usr/lib/swift/host/plugins/libObservationMacros.dylib\#/Applications/Xcode.app/Contents/Developer/Platforms/iPhoneOS.platform/Developer/usr/bin/swift-plugin-server\#ObservationMacros -load-resolved-plugin /Applications/Xcode.app/Contents/Developer/Platforms/iPhoneOS.platform/Developer/usr/lib/swift/host/plugins/libPreviewsMacros.dylib\#/Applications/Xcode.app/Contents/Developer/Platforms/iPhoneOS.platform/Developer/usr/bin/swift-plugin-server\#PreviewsMacros -load-resolved-plugin /Applications/Xcode.app/Contents/Developer/Platforms/iPhoneOS.platform/Developer/usr/lib/swift/host/plugins/libSwiftDataMacros.dylib\#/Applications/Xcode.app/Contents/Developer/Platforms/iPhoneOS.platform/Developer/usr/bin/swift-plugin-server\#SwiftDataMacros -load-resolved-plugin /Applications/Xcode.app/Contents/Developer/Platforms/iPhoneOS.platform/Developer/usr/lib/swift/host/plugins/libSwiftMacros.dylib\#/Applications/Xcode.app/Contents/Developer/Platforms/iPhoneOS.platform/Developer/usr/bin/swift-plugin-server\#SwiftMacros -load-resolved-plugin /Applications/Xcode.app/Contents/Developer/Platforms/iPhoneOS.platform/Developer/usr/lib/swift/host/plugins/libSwiftUIMacros.dylib\#/Applications/Xcode.app/Contents/Developer/Platforms/iPhoneOS.platform/Developer/usr/bin/swift-plugin-server\#SwiftUIMacros -disable-implicit-swift-modules -Xcc -fno-implicit-modules -Xcc -fno-implicit-module-maps -explicit-swift-module-map-file /Users/antoinebleuze/Library/Developer/Xcode/DerivedData/Flow-bqqodlwdchcvqgeykljylokhbwlf/Build/Intermediates.noindex/Flow.build/Debug-iphoneos/FlowClip.build/Objects-normal/arm64/FlowClip-dependencies-1.json -debug-module-path /Users/antoinebleuze/Library/Developer/Xcode/DerivedData/Flow-bqqodlwdchcvqgeykljylokhbwlf/Build/Intermediates.noindex/Flow.build/Debug-iphoneos/FlowClip.build/Objects-normal/arm64/FlowClip.swiftmodule -Xllvm -aarch64-use-tbi -enable-objc-interop -stack-check -sdk /Applications/Xcode.app/Contents/Developer/Platforms/iPhoneOS.platform/Developer/SDKs/iPhoneOS26.5.sdk -I /Users/antoinebleuze/Library/Developer/Xcode/DerivedData/Flow-bqqodlwdchcvqgeykljylokhbwlf/Build/Products/Debug-iphoneos -F /Users/antoinebleuze/Library/Developer/Xcode/DerivedData/Flow-bqqodlwdchcvqgeykljylokhbwlf/Build/Products/Debug-iphoneos -no-color-diagnostics -Xcc -fno-color-diagnostics -enable-testing -g -debug-info-format\=dwarf -dwarf-version\=5 -module-cache-path /Users/antoinebleuze/Library/Developer/Xcode/DerivedData/Flow-bqqodlwdchcvqgeykljylokhbwlf/Build/Intermediates.noindex/SwiftExplicitPrecompiledModules -swift-version 5 -Onone -D DEBUG -serialize-debugging-options -const-gather-protocols-file /Users/antoinebleuze/Library/Developer/Xcode/DerivedData/Flow-bqqodlwdchcvqgeykljylokhbwlf/Build/Intermediates.noindex/Flow.build/Debug-iphoneos/FlowClip.build/Objects-normal/arm64/FlowClip_const_extract_protocols.json -enable-upcoming-feature DisableOutwardActorInference -enable-upcoming-feature InferSendableFromCaptures -enable-upcoming-feature GlobalActorIsolatedTypesUsability -enable-upcoming-feature MemberImportVisibility -enable-upcoming-feature InferIsolatedConformances -enable-upcoming-feature NonisolatedNonsendingByDefault -enable-experimental-feature DebugDescriptionMacro -enable-bare-slash-regex -default-isolation\=MainActor -empty-abi-descriptor -validate-clang-modules-once -clang-build-session-file /Users/antoinebleuze/Library/Developer/Xcode/DerivedData/ModuleCache.noindex/Session.modulevalidation -Xcc -working-directory -Xcc /Users/antoinebleuze/Documents/projet\ xcode/Flow -enable-anonymous-context-mangled-names -file-compilation-dir /Users/antoinebleuze/Documents/projet\ xcode/Flow -Xcc -D_LIBCPP_HARDENING_MODE\=_LIBCPP_HARDENING_MODE_DEBUG -Xcc -ivfsstatcache -Xcc /Users/antoinebleuze/Library/Developer/Xcode/DerivedData/SDKStatCaches.noindex/iphoneos26.5-23F73-688ef53f1462e2c8f657fdc38a81448f32daed1954a7d5dd0789fcaf2a9bb78b.sdkstatcache -Xcc -I/Users/antoinebleuze/Library/Developer/Xcode/DerivedData/Flow-bqqodlwdchcvqgeykljylokhbwlf/Build/Intermediates.noindex/Flow.build/Debug-iphoneos/FlowClip.build/swift-overrides.hmap -Xcc -iquote -Xcc /Users/antoinebleuze/Library/Developer/Xcode/DerivedData/Flow-bqqodlwdchcvqgeykljylokhbwlf/Build/Intermediates.noindex/Flow.build/Debug-iphoneos/FlowClip.build/FlowClip-generated-files.hmap -Xcc -I/Users/antoinebleuze/Library/Developer/Xcode/DerivedData/Flow-bqqodlwdchcvqgeykljylokhbwlf/Build/Intermediates.noindex/Flow.build/Debug-iphoneos/FlowClip.build/FlowClip-own-target-headers.hmap -Xcc -I/Users/antoinebleuze/Library/Developer/Xcode/DerivedData/Flow-bqqodlwdchcvqgeykljylokhbwlf/Build/Intermediates.noindex/Flow.build/Debug-iphoneos/FlowClip.build/FlowClip-all-target-headers.hmap -Xcc -iquote -Xcc /Users/antoinebleuze/Library/Developer/Xcode/DerivedData/Flow-bqqodlwdchcvqgeykljylokhbwlf/Build/Intermediates.noindex/Flow.build/Debug-iphoneos/FlowClip.build/FlowClip-project-headers.hmap -Xcc -I/Users/antoinebleuze/Library/Developer/Xcode/DerivedData/Flow-bqqodlwdchcvqgeykljylokhbwlf/Build/Products/Debug-iphoneos/include -Xcc -I/Users/antoinebleuze/Library/Developer/Xcode/DerivedData/Flow-bqqodlwdchcvqgeykljylokhbwlf/Build/Intermediates.noindex/Flow.build/Debug-iphoneos/FlowClip.build/DerivedSources-normal/arm64 -Xcc -I/Users/antoinebleuze/Library/Developer/Xcode/DerivedData/Flow-bqqodlwdchcvqgeykljylokhbwlf/Build/Intermediates.noindex/Flow.build/Debug-iphoneos/FlowClip.build/DerivedSources/arm64 -Xcc -I/Users/antoinebleuze/Library/Developer/Xcode/DerivedData/Flow-bqqodlwdchcvqgeykljylokhbwlf/Build/Intermediates.noindex/Flow.build/Debug-iphoneos/FlowClip.build/DerivedSources -Xcc -DDEBUG\=1 -no-auto-bridging-header-chaining -module-name FlowClip -frontend-parseable-output -disable-clang-spi -clang-target arm64-apple-ios26.5 -target-sdk-version 26.5 -target-sdk-name iphoneos26.5 -in-process-plugin-server-path /Applications/Xcode.app/Contents/Developer/Toolchains/XcodeDefault.xctoolchain/usr/lib/swift/host/libSwiftInProcPluginServer.dylib -o /Users/antoinebleuze/Library/Developer/Xcode/DerivedData/Flow-bqqodlwdchcvqgeykljylokhbwlf/Build/Intermediates.noindex/Flow.build/Debug-iphoneos/FlowClip.build/Objects-normal/arm64/MapModels.o -index-unit-output-path /Flow.build/Debug-iphoneos/FlowClip.build/Objects-normal/arm64/MapModels.o -index-store-path /Users/antoinebleuze/Library/Developer/Xcode/DerivedData/Flow-bqqodlwdchcvqgeykljylokhbwlf/Index.noindex/DataStore -index-system-modules
SwiftCompile normal arm64 Compiling\ IDFMService.swift /Users/antoinebleuze/Documents/projet\ xcode/Flow/Flow/Services/IDFMService.swift (in target 'FlowClip' from project 'Flow')

SwiftCompile normal arm64 /Users/antoinebleuze/Documents/projet\ xcode/Flow/Flow/Services/IDFMService.swift (in target 'FlowClip' from project 'Flow')
    cd /Users/antoinebleuze/Documents/projet\ xcode/Flow
    

SwiftCompile normal arm64 Compiling\ AppClipContentView.swift /Users/antoinebleuze/Documents/projet\ xcode/Flow/FlowClip/AppClipContentView.swift (in target 'FlowClip' from project 'Flow')
SwiftCompile normal arm64 /Users/antoinebleuze/Documents/projet\ xcode/Flow/FlowClip/AppClipContentView.swift (in target 'FlowClip' from project 'Flow')
    cd /Users/antoinebleuze/Documents/projet\ xcode/Flow
    

SwiftEmitModule normal arm64 Emitting\ module\ for\ FlowClip (in target 'FlowClip' from project 'Flow')

EmitSwiftModule normal arm64 (in target 'FlowClip' from project 'Flow')
    cd /Users/antoinebleuze/Documents/projet\ xcode/Flow
    
/Users/antoinebleuze/Documents/projet xcode/Flow/Flow/Models/MapModels.swift:346:53: warning: main actor-isolated conformance of 'ReferentielLignes' to 'Decodable' cannot be used in nonisolated context; this is an error in the Swift 6 language mode
                let referentiel = try JSONDecoder().decode(ReferentielLignes.self, from: data)
                                                    ^

SwiftCompile normal arm64 Compiling\ LocalDataService.swift /Users/antoinebleuze/Documents/projet\ xcode/Flow/Flow/Services/LocalDataService.swift (in target 'FlowClip' from project 'Flow')

SwiftCompile normal arm64 /Users/antoinebleuze/Documents/projet\ xcode/Flow/Flow/Services/LocalDataService.swift (in target 'FlowClip' from project 'Flow')
    cd /Users/antoinebleuze/Documents/projet\ xcode/Flow
    

SwiftDriverJobDiscovery normal arm64 Compiling IDFMService.swift (in target 'FlowClip' from project 'Flow')

SwiftCompile normal arm64 Compiling\ TrafficService.swift /Users/antoinebleuze/Documents/projet\ xcode/Flow/Flow/Services/TrafficService.swift (in target 'FlowClip' from project 'Flow')

SwiftCompile normal arm64 /Users/antoinebleuze/Documents/projet\ xcode/Flow/Flow/Services/TrafficService.swift (in target 'FlowClip' from project 'Flow')
    cd /Users/antoinebleuze/Documents/projet\ xcode/Flow
    
/Users/antoinebleuze/Documents/projet xcode/Flow/Flow/Services/TrafficService.swift:393:9: warning: default will never be executed
        default:
        ^

SwiftDriverJobDiscovery normal arm64 Compiling LocalDataService.swift (in target 'FlowClip' from project 'Flow')

SwiftDriverJobDiscovery normal arm64 Compiling TrafficService.swift (in target 'FlowClip' from project 'Flow')

** BUILD FAILED **


The following build commands failed:
	SwiftCompile normal arm64 /Users/antoinebleuze/Documents/projet\ xcode/Flow/Flow/Models/MapModels.swift (in target 'FlowClip' from project 'Flow')
	SwiftCompile normal arm64 Compiling\ MapModels.swift /Users/antoinebleuze/Documents/projet\ xcode/Flow/Flow/Models/MapModels.swift (in target 'FlowClip' from project 'Flow')
	Building project Flow with scheme FlowClip
(3 failures)
