Command line invocation:
    /Applications/Xcode.app/Contents/Developer/usr/bin/xcodebuild -scheme Flow -destination "platform=iOS Simulator,name=iPhone 17" build

2025-11-20 18:27:25.471 xcodebuild[42579:1744237] [MT] IDERunDestination: Supported platforms for the buildables in the current scheme is empty.
ComputePackagePrebuildTargetDependencyGraph

Prepare packages

CreateBuildRequest

SendProjectDescription

CreateBuildOperation

ComputeTargetDependencyGraph
note: Building targets in dependency order
note: Target dependency graph (1 target)
    Target 'Flow' in project 'Flow' (no dependencies)

GatherProvisioningInputs

CreateBuildDescription

ExecuteExternalTool /Applications/Xcode.app/Contents/Developer/Toolchains/XcodeDefault.xctoolchain/usr/bin/clang -v -E -dM -isysroot /Applications/Xcode.app/Contents/Developer/Platforms/iPhoneSimulator.platform/Developer/SDKs/iPhoneSimulator26.1.sdk -x c -c /dev/null

ExecuteExternalTool /Applications/Xcode.app/Contents/Developer/usr/bin/momc --dry-run --action generate --swift-version 5.0 --sdkroot /Applications/Xcode.app/Contents/Developer/Platforms/iPhoneSimulator.platform/Developer/SDKs/iPhoneSimulator26.1.sdk --iphonesimulator-deployment-target 26.1 --module Flow /Users/antoinebleuze/projet xcode/Flow/Flow/Flow.xcdatamodeld /Users/antoinebleuze/Library/Developer/Xcode/DerivedData/Flow-fmlhojjisvemwedqngifjsxcgemf/Build/Intermediates.noindex/Flow.build/Debug-iphonesimulator/Flow.build/DerivedSources/CoreDataGenerated/Flow

ExecuteExternalTool /Applications/Xcode.app/Contents/Developer/usr/bin/actool --print-asset-tag-combinations --output-format xml1 /Users/antoinebleuze/projet xcode/Flow/Flow/Assets.xcassets

ExecuteExternalTool /Applications/Xcode.app/Contents/Developer/usr/bin/actool --version --output-format xml1

ExecuteExternalTool /Applications/Xcode.app/Contents/Developer/Toolchains/XcodeDefault.xctoolchain/usr/bin/swiftc --version

ExecuteExternalTool /Applications/Xcode.app/Contents/Developer/Toolchains/XcodeDefault.xctoolchain/usr/bin/ld -version_details

Build description signature: 5b1119d7e0ab3515d422d3598ee9874e
Build description path: /Users/antoinebleuze/Library/Developer/Xcode/DerivedData/Flow-fmlhojjisvemwedqngifjsxcgemf/Build/Intermediates.noindex/XCBuildData/5b1119d7e0ab3515d422d3598ee9874e.xcbuilddata
ClangStatCache /Applications/Xcode.app/Contents/Developer/Toolchains/XcodeDefault.xctoolchain/usr/bin/clang-stat-cache /Applications/Xcode.app/Contents/Developer/Platforms/iPhoneSimulator.platform/Developer/SDKs/iPhoneSimulator26.1.sdk /Users/antoinebleuze/Library/Developer/Xcode/DerivedData/SDKStatCaches.noindex/iphonesimulator26.1-23B77-90cf18a4295e390e64c810bc6bd7acbc.sdkstatcache
    cd /Users/antoinebleuze/projet\ xcode/Flow/Flow.xcodeproj
    /Applications/Xcode.app/Contents/Developer/Toolchains/XcodeDefault.xctoolchain/usr/bin/clang-stat-cache /Applications/Xcode.app/Contents/Developer/Platforms/iPhoneSimulator.platform/Developer/SDKs/iPhoneSimulator26.1.sdk -o /Users/antoinebleuze/Library/Developer/Xcode/DerivedData/SDKStatCaches.noindex/iphonesimulator26.1-23B77-90cf18a4295e390e64c810bc6bd7acbc.sdkstatcache

ProcessProductPackaging "" /Users/antoinebleuze/Library/Developer/Xcode/DerivedData/Flow-fmlhojjisvemwedqngifjsxcgemf/Build/Intermediates.noindex/Flow.build/Debug-iphonesimulator/Flow.build/Flow.app-Simulated.xcent (in target 'Flow' from project 'Flow')
    cd /Users/antoinebleuze/projet\ xcode/Flow
    
    Entitlements:
    
    {
    "application-identifier" = "9949N9WX3F.AntoineBleuze.Flow";
}
    
    builtin-productPackagingUtility -entitlements -format xml -o /Users/antoinebleuze/Library/Developer/Xcode/DerivedData/Flow-fmlhojjisvemwedqngifjsxcgemf/Build/Intermediates.noindex/Flow.build/Debug-iphonesimulator/Flow.build/Flow.app-Simulated.xcent

ProcessProductPackagingDER /Users/antoinebleuze/Library/Developer/Xcode/DerivedData/Flow-fmlhojjisvemwedqngifjsxcgemf/Build/Intermediates.noindex/Flow.build/Debug-iphonesimulator/Flow.build/Flow.app-Simulated.xcent /Users/antoinebleuze/Library/Developer/Xcode/DerivedData/Flow-fmlhojjisvemwedqngifjsxcgemf/Build/Intermediates.noindex/Flow.build/Debug-iphonesimulator/Flow.build/Flow.app-Simulated.xcent.der (in target 'Flow' from project 'Flow')
    cd /Users/antoinebleuze/projet\ xcode/Flow
    /usr/bin/derq query -f xml -i /Users/antoinebleuze/Library/Developer/Xcode/DerivedData/Flow-fmlhojjisvemwedqngifjsxcgemf/Build/Intermediates.noindex/Flow.build/Debug-iphonesimulator/Flow.build/Flow.app-Simulated.xcent -o /Users/antoinebleuze/Library/Developer/Xcode/DerivedData/Flow-fmlhojjisvemwedqngifjsxcgemf/Build/Intermediates.noindex/Flow.build/Debug-iphonesimulator/Flow.build/Flow.app-Simulated.xcent.der --raw

CompileAssetCatalogVariant thinned /Users/antoinebleuze/Library/Developer/Xcode/DerivedData/Flow-fmlhojjisvemwedqngifjsxcgemf/Build/Products/Debug-iphonesimulator/Flow.app /Users/antoinebleuze/projet\ xcode/Flow/Flow/Assets.xcassets (in target 'Flow' from project 'Flow')
    cd /Users/antoinebleuze/projet\ xcode/Flow
    /Applications/Xcode.app/Contents/Developer/usr/bin/actool /Users/antoinebleuze/projet\ xcode/Flow/Flow/Assets.xcassets --compile /Users/antoinebleuze/Library/Developer/Xcode/DerivedData/Flow-fmlhojjisvemwedqngifjsxcgemf/Build/Intermediates.noindex/Flow.build/Debug-iphonesimulator/Flow.build/assetcatalog_output/thinned --output-format human-readable-text --notices --warnings --export-dependency-info /Users/antoinebleuze/Library/Developer/Xcode/DerivedData/Flow-fmlhojjisvemwedqngifjsxcgemf/Build/Intermediates.noindex/Flow.build/Debug-iphonesimulator/Flow.build/assetcatalog_dependencies_thinned --output-partial-info-plist /Users/antoinebleuze/Library/Developer/Xcode/DerivedData/Flow-fmlhojjisvemwedqngifjsxcgemf/Build/Intermediates.noindex/Flow.build/Debug-iphonesimulator/Flow.build/assetcatalog_generated_info.plist_thinned --app-icon AppIcon --accent-color AccentColor --compress-pngs --enable-on-demand-resources YES --filter-for-thinning-device-configuration iPhone18,3 --filter-for-device-os-version 26.1 --development-region en --target-device iphone --target-device ipad --minimum-deployment-target 26.1 --platform iphonesimulator

SwiftDriver Flow normal arm64 com.apple.xcode.tools.swift.compiler (in target 'Flow' from project 'Flow')
    cd /Users/antoinebleuze/projet\ xcode/Flow
    builtin-SwiftDriver -- /Applications/Xcode.app/Contents/Developer/Toolchains/XcodeDefault.xctoolchain/usr/bin/swiftc -module-name Flow -Onone -enforce-exclusivity\=checked @/Users/antoinebleuze/Library/Developer/Xcode/DerivedData/Flow-fmlhojjisvemwedqngifjsxcgemf/Build/Intermediates.noindex/Flow.build/Debug-iphonesimulator/Flow.build/Objects-normal/arm64/Flow.SwiftFileList -DDEBUG -default-isolation\=MainActor -enable-bare-slash-regex -enable-upcoming-feature DisableOutwardActorInference -enable-upcoming-feature InferSendableFromCaptures -enable-upcoming-feature GlobalActorIsolatedTypesUsability -enable-upcoming-feature MemberImportVisibility -enable-upcoming-feature InferIsolatedConformances -enable-upcoming-feature NonisolatedNonsendingByDefault -enable-experimental-feature DebugDescriptionMacro -sdk /Applications/Xcode.app/Contents/Developer/Platforms/iPhoneSimulator.platform/Developer/SDKs/iPhoneSimulator26.1.sdk -target arm64-apple-ios26.1-simulator -g -module-cache-path /Users/antoinebleuze/Library/Developer/Xcode/DerivedData/ModuleCache.noindex -Xfrontend -serialize-debugging-options -enable-testing -index-store-path /Users/antoinebleuze/Library/Developer/Xcode/DerivedData/Flow-fmlhojjisvemwedqngifjsxcgemf/Index.noindex/DataStore -Xcc -D_LIBCPP_HARDENING_MODE\=_LIBCPP_HARDENING_MODE_DEBUG -swift-version 5 -I /Users/antoinebleuze/Library/Developer/Xcode/DerivedData/Flow-fmlhojjisvemwedqngifjsxcgemf/Build/Products/Debug-iphonesimulator -F /Users/antoinebleuze/Library/Developer/Xcode/DerivedData/Flow-fmlhojjisvemwedqngifjsxcgemf/Build/Products/Debug-iphonesimulator -emit-localized-strings -emit-localized-strings-path /Users/antoinebleuze/Library/Developer/Xcode/DerivedData/Flow-fmlhojjisvemwedqngifjsxcgemf/Build/Intermediates.noindex/Flow.build/Debug-iphonesimulator/Flow.build/Objects-normal/arm64 -c -j10 -enable-batch-mode -incremental -Xcc -ivfsstatcache -Xcc /Users/antoinebleuze/Library/Developer/Xcode/DerivedData/SDKStatCaches.noindex/iphonesimulator26.1-23B77-90cf18a4295e390e64c810bc6bd7acbc.sdkstatcache -output-file-map /Users/antoinebleuze/Library/Developer/Xcode/DerivedData/Flow-fmlhojjisvemwedqngifjsxcgemf/Build/Intermediates.noindex/Flow.build/Debug-iphonesimulator/Flow.build/Objects-normal/arm64/Flow-OutputFileMap.json -use-frontend-parseable-output -save-temps -no-color-diagnostics -explicit-module-build -module-cache-path /Users/antoinebleuze/Library/Developer/Xcode/DerivedData/Flow-fmlhojjisvemwedqngifjsxcgemf/Build/Intermediates.noindex/SwiftExplicitPrecompiledModules -clang-scanner-module-cache-path /Users/antoinebleuze/Library/Developer/Xcode/DerivedData/ModuleCache.noindex -sdk-module-cache-path /Users/antoinebleuze/Library/Developer/Xcode/DerivedData/ModuleCache.noindex -serialize-diagnostics -emit-dependencies -emit-module -emit-module-path /Users/antoinebleuze/Library/Developer/Xcode/DerivedData/Flow-fmlhojjisvemwedqngifjsxcgemf/Build/Intermediates.noindex/Flow.build/Debug-iphonesimulator/Flow.build/Objects-normal/arm64/Flow.swiftmodule -validate-clang-modules-once -clang-build-session-file /Users/antoinebleuze/Library/Developer/Xcode/DerivedData/ModuleCache.noindex/Session.modulevalidation -Xcc -I/Users/antoinebleuze/Library/Developer/Xcode/DerivedData/Flow-fmlhojjisvemwedqngifjsxcgemf/Build/Intermediates.noindex/Flow.build/Debug-iphonesimulator/Flow.build/swift-overrides.hmap -emit-const-values -Xfrontend -const-gather-protocols-file -Xfrontend /Users/antoinebleuze/Library/Developer/Xcode/DerivedData/Flow-fmlhojjisvemwedqngifjsxcgemf/Build/Intermediates.noindex/Flow.build/Debug-iphonesimulator/Flow.build/Objects-normal/arm64/Flow_const_extract_protocols.json -Xcc -iquote -Xcc /Users/antoinebleuze/Library/Developer/Xcode/DerivedData/Flow-fmlhojjisvemwedqngifjsxcgemf/Build/Intermediates.noindex/Flow.build/Debug-iphonesimulator/Flow.build/Flow-generated-files.hmap -Xcc -I/Users/antoinebleuze/Library/Developer/Xcode/DerivedData/Flow-fmlhojjisvemwedqngifjsxcgemf/Build/Intermediates.noindex/Flow.build/Debug-iphonesimulator/Flow.build/Flow-own-target-headers.hmap -Xcc -I/Users/antoinebleuze/Library/Developer/Xcode/DerivedData/Flow-fmlhojjisvemwedqngifjsxcgemf/Build/Intermediates.noindex/Flow.build/Debug-iphonesimulator/Flow.build/Flow-all-target-headers.hmap -Xcc -iquote -Xcc /Users/antoinebleuze/Library/Developer/Xcode/DerivedData/Flow-fmlhojjisvemwedqngifjsxcgemf/Build/Intermediates.noindex/Flow.build/Debug-iphonesimulator/Flow.build/Flow-project-headers.hmap -Xcc -I/Users/antoinebleuze/Library/Developer/Xcode/DerivedData/Flow-fmlhojjisvemwedqngifjsxcgemf/Build/Products/Debug-iphonesimulator/include -Xcc -I/Users/antoinebleuze/Library/Developer/Xcode/DerivedData/Flow-fmlhojjisvemwedqngifjsxcgemf/Build/Intermediates.noindex/Flow.build/Debug-iphonesimulator/Flow.build/DerivedSources-normal/arm64 -Xcc -I/Users/antoinebleuze/Library/Developer/Xcode/DerivedData/Flow-fmlhojjisvemwedqngifjsxcgemf/Build/Intermediates.noindex/Flow.build/Debug-iphonesimulator/Flow.build/DerivedSources/arm64 -Xcc -I/Users/antoinebleuze/Library/Developer/Xcode/DerivedData/Flow-fmlhojjisvemwedqngifjsxcgemf/Build/Intermediates.noindex/Flow.build/Debug-iphonesimulator/Flow.build/DerivedSources -Xcc -DDEBUG\=1 -emit-objc-header -emit-objc-header-path /Users/antoinebleuze/Library/Developer/Xcode/DerivedData/Flow-fmlhojjisvemwedqngifjsxcgemf/Build/Intermediates.noindex/Flow.build/Debug-iphonesimulator/Flow.build/Objects-normal/arm64/Flow-Swift.h -working-directory /Users/antoinebleuze/projet\ xcode/Flow -experimental-emit-module-separately -disable-cmo

SwiftCompile normal arm64 Compiling\ MapModels.swift /Users/antoinebleuze/projet\ xcode/Flow/Flow/Models/MapModels.swift (in target 'Flow' from project 'Flow')
Failed frontend command:
/Applications/Xcode.app/Contents/Developer/Toolchains/XcodeDefault.xctoolchain/usr/bin/swift-frontend -frontend -c /Users/antoinebleuze/projet\ xcode/Flow/Flow/Data/Persistence.swift /Users/antoinebleuze/projet\ xcode/Flow/Flow/Data/StopPointEntity.swift /Users/antoinebleuze/projet\ xcode/Flow/Flow/Design/GlassMorphism.swift /Users/antoinebleuze/projet\ xcode/Flow/Flow/Models/ItineraryModels.swift -primary-file /Users/antoinebleuze/projet\ xcode/Flow/Flow/Models/MapModels.swift /Users/antoinebleuze/projet\ xcode/Flow/Flow/Models/RealTimeModels.swift /Users/antoinebleuze/projet\ xcode/Flow/Flow/Models/TrafficModels.swift /Users/antoinebleuze/projet\ xcode/Flow/Flow/Models/TransportModels.swift /Users/antoinebleuze/projet\ xcode/Flow/Flow/Services/IDFMItineraryService.swift /Users/antoinebleuze/projet\ xcode/Flow/Flow/Services/IDFMService.swift /Users/antoinebleuze/projet\ xcode/Flow/Flow/Services/LocationManager.swift /Users/antoinebleuze/projet\ xcode/Flow/Flow/Services/TrafficService.swift /Users/antoinebleuze/projet\ xcode/Flow/Flow/ViewModels/SearchViewModel.swift /Users/antoinebleuze/projet\ xcode/Flow/Flow/Views/Components/LineIcon.swift /Users/antoinebleuze/projet\ xcode/Flow/Flow/Views/Components/MapViewControllerBridge.swift /Users/antoinebleuze/projet\ xcode/Flow/Flow/Views/Components/StationMarker.swift /Users/antoinebleuze/projet\ xcode/Flow/Flow/Views/ItineraryResultView.swift /Users/antoinebleuze/projet\ xcode/Flow/Flow/Views/MapView.swift /Users/antoinebleuze/projet\ xcode/Flow/Flow/Views/SearchView.swift /Users/antoinebleuze/projet\ xcode/Flow/Flow/Views/StationDetailSheet.swift /Users/antoinebleuze/projet\ xcode/Flow/Flow/Views/TrafficDetailView.swift /Users/antoinebleuze/projet\ xcode/Flow/Flow/ContentView.swift /Users/antoinebleuze/projet\ xcode/Flow/Flow/FlowApp.swift /Users/antoinebleuze/Library/Developer/Xcode/DerivedData/Flow-fmlhojjisvemwedqngifjsxcgemf/Build/Intermediates.noindex/Flow.build/Debug-iphonesimulator/Flow.build/DerivedSources/GeneratedAssetSymbols.swift -emit-dependencies-path /Users/antoinebleuze/Library/Developer/Xcode/DerivedData/Flow-fmlhojjisvemwedqngifjsxcgemf/Build/Intermediates.noindex/Flow.build/Debug-iphonesimulator/Flow.build/Objects-normal/arm64/MapModels.d -emit-const-values-path /Users/antoinebleuze/Library/Developer/Xcode/DerivedData/Flow-fmlhojjisvemwedqngifjsxcgemf/Build/Intermediates.noindex/Flow.build/Debug-iphonesimulator/Flow.build/Objects-normal/arm64/MapModels.swiftconstvalues -emit-reference-dependencies-path /Users/antoinebleuze/Library/Developer/Xcode/DerivedData/Flow-fmlhojjisvemwedqngifjsxcgemf/Build/Intermediates.noindex/Flow.build/Debug-iphonesimulator/Flow.build/Objects-normal/arm64/MapModels.swiftdeps -serialize-diagnostics-path /Users/antoinebleuze/Library/Developer/Xcode/DerivedData/Flow-fmlhojjisvemwedqngifjsxcgemf/Build/Intermediates.noindex/Flow.build/Debug-iphonesimulator/Flow.build/Objects-normal/arm64/MapModels.dia -emit-localized-strings -emit-localized-strings-path /Users/antoinebleuze/Library/Developer/Xcode/DerivedData/Flow-fmlhojjisvemwedqngifjsxcgemf/Build/Intermediates.noindex/Flow.build/Debug-iphonesimulator/Flow.build/Objects-normal/arm64 -target arm64-apple-ios26.1-simulator -module-can-import-version DeveloperToolsSupport 23.0.4 23.0.4 -module-can-import-version SwiftUI 7.1.13.1 7.1.13 -module-can-import-version UIKit 9126.1.12.1 9126.1.12 -disable-cross-import-overlay-search -swift-module-cross-import CoreData /Applications/Xcode.app/Contents/Developer/Platforms/iPhoneSimulator.platform/Developer/SDKs/iPhoneSimulator.sdk/System/Library/Frameworks/CoreData.framework/Modules/CoreData.swiftcrossimport/CloudKit.swiftoverlay -swift-module-cross-import CoreData /Applications/Xcode.app/Contents/Developer/Platforms/iPhoneSimulator.platform/Developer/SDKs/iPhoneSimulator26.1.sdk/System/Library/Frameworks/CoreData.framework/Modules/CoreData.swiftcrossimport/CloudKit.swiftoverlay -swift-module-cross-import MapKit /Applications/Xcode.app/Contents/Developer/Platforms/iPhoneSimulator.platform/Developer/SDKs/iPhoneSimulator.sdk/System/Library/Frameworks/MapKit.framework/Modules/MapKit.swiftcrossimport/SwiftUI.swiftoverlay -load-resolved-plugin /Applications/Xcode.app/Contents/Developer/Platforms/iPhoneOS.platform/Developer/usr/lib/swift/host/plugins/libFoundationMacros.dylib\#/Applications/Xcode.app/Contents/Developer/Platforms/iPhoneOS.platform/Developer/usr/bin/swift-plugin-server\#FoundationMacros -load-resolved-plugin /Applications/Xcode.app/Contents/Developer/Platforms/iPhoneOS.platform/Developer/usr/lib/swift/host/plugins/libObservationMacros.dylib\#/Applications/Xcode.app/Contents/Developer/Platforms/iPhoneOS.platform/Developer/usr/bin/swift-plugin-server\#ObservationMacros -load-resolved-plugin /Applications/Xcode.app/Contents/Developer/Platforms/iPhoneOS.platform/Developer/usr/lib/swift/host/plugins/libPreviewsMacros.dylib\#/Applications/Xcode.app/Contents/Developer/Platforms/iPhoneOS.platform/Developer/usr/bin/swift-plugin-server\#PreviewsMacros -load-resolved-plugin /Applications/Xcode.app/Contents/Developer/Platforms/iPhoneOS.platform/Developer/usr/lib/swift/host/plugins/libSwiftMacros.dylib\#/Applications/Xcode.app/Contents/Developer/Platforms/iPhoneOS.platform/Developer/usr/bin/swift-plugin-server\#SwiftMacros -load-resolved-plugin /Applications/Xcode.app/Contents/Developer/Platforms/iPhoneOS.platform/Developer/usr/lib/swift/host/plugins/libSwiftUIMacros.dylib\#/Applications/Xcode.app/Contents/Developer/Platforms/iPhoneOS.platform/Developer/usr/bin/swift-plugin-server\#SwiftUIMacros -disable-implicit-swift-modules -Xcc -fno-implicit-modules -Xcc -fno-implicit-module-maps -explicit-swift-module-map-file /Users/antoinebleuze/Library/Developer/Xcode/DerivedData/Flow-fmlhojjisvemwedqngifjsxcgemf/Build/Intermediates.noindex/Flow.build/Debug-iphonesimulator/Flow.build/Objects-normal/arm64/Flow-dependencies-1.json -Xllvm -aarch64-use-tbi -enable-objc-interop -sdk /Applications/Xcode.app/Contents/Developer/Platforms/iPhoneSimulator.platform/Developer/SDKs/iPhoneSimulator26.1.sdk -I /Users/antoinebleuze/Library/Developer/Xcode/DerivedData/Flow-fmlhojjisvemwedqngifjsxcgemf/Build/Products/Debug-iphonesimulator -F /Users/antoinebleuze/Library/Developer/Xcode/DerivedData/Flow-fmlhojjisvemwedqngifjsxcgemf/Build/Products/Debug-iphonesimulator -no-color-diagnostics -Xcc -fno-color-diagnostics -enable-testing -g -debug-info-format\=dwarf -dwarf-version\=5 -module-cache-path /Users/antoinebleuze/Library/Developer/Xcode/DerivedData/Flow-fmlhojjisvemwedqngifjsxcgemf/Build/Intermediates.noindex/SwiftExplicitPrecompiledModules -swift-version 5 -enforce-exclusivity\=checked -Onone -D DEBUG -serialize-debugging-options -const-gather-protocols-file /Users/antoinebleuze/Library/Developer/Xcode/DerivedData/Flow-fmlhojjisvemwedqngifjsxcgemf/Build/Intermediates.noindex/Flow.build/Debug-iphonesimulator/Flow.build/Objects-normal/arm64/Flow_const_extract_protocols.json -enable-upcoming-feature DisableOutwardActorInference -enable-upcoming-feature InferSendableFromCaptures -enable-upcoming-feature GlobalActorIsolatedTypesUsability -enable-upcoming-feature MemberImportVisibility -enable-upcoming-feature InferIsolatedConformances -enable-upcoming-feature NonisolatedNonsendingByDefault -enable-experimental-feature DebugDescriptionMacro -enable-bare-slash-regex -default-isolation\=MainActor -empty-abi-descriptor -validate-clang-modules-once -clang-build-session-file /Users/antoinebleuze/Library/Developer/Xcode/DerivedData/ModuleCache.noindex/Session.modulevalidation -Xcc -working-directory -Xcc /Users/antoinebleuze/projet\ xcode/Flow -enable-anonymous-context-mangled-names -file-compilation-dir /Users/antoinebleuze/projet\ xcode/Flow -Xcc -D_LIBCPP_HARDENING_MODE\=_LIBCPP_HARDENING_MODE_DEBUG -Xcc -ivfsstatcache -Xcc /Users/antoinebleuze/Library/Developer/Xcode/DerivedData/SDKStatCaches.noindex/iphonesimulator26.1-23B77-90cf18a4295e390e64c810bc6bd7acbc.sdkstatcache -Xcc -I/Users/antoinebleuze/Library/Developer/Xcode/DerivedData/Flow-fmlhojjisvemwedqngifjsxcgemf/Build/Intermediates.noindex/Flow.build/Debug-iphonesimulator/Flow.build/swift-overrides.hmap -Xcc -iquote -Xcc /Users/antoinebleuze/Library/Developer/Xcode/DerivedData/Flow-fmlhojjisvemwedqngifjsxcgemf/Build/Intermediates.noindex/Flow.build/Debug-iphonesimulator/Flow.build/Flow-generated-files.hmap -Xcc -I/Users/antoinebleuze/Library/Developer/Xcode/DerivedData/Flow-fmlhojjisvemwedqngifjsxcgemf/Build/Intermediates.noindex/Flow.build/Debug-iphonesimulator/Flow.build/Flow-own-target-headers.hmap -Xcc -I/Users/antoinebleuze/Library/Developer/Xcode/DerivedData/Flow-fmlhojjisvemwedqngifjsxcgemf/Build/Intermediates.noindex/Flow.build/Debug-iphonesimulator/Flow.build/Flow-all-target-headers.hmap -Xcc -iquote -Xcc /Users/antoinebleuze/Library/Developer/Xcode/DerivedData/Flow-fmlhojjisvemwedqngifjsxcgemf/Build/Intermediates.noindex/Flow.build/Debug-iphonesimulator/Flow.build/Flow-project-headers.hmap -Xcc -I/Users/antoinebleuze/Library/Developer/Xcode/DerivedData/Flow-fmlhojjisvemwedqngifjsxcgemf/Build/Products/Debug-iphonesimulator/include -Xcc -I/Users/antoinebleuze/Library/Developer/Xcode/DerivedData/Flow-fmlhojjisvemwedqngifjsxcgemf/Build/Intermediates.noindex/Flow.build/Debug-iphonesimulator/Flow.build/DerivedSources-normal/arm64 -Xcc -I/Users/antoinebleuze/Library/Developer/Xcode/DerivedData/Flow-fmlhojjisvemwedqngifjsxcgemf/Build/Intermediates.noindex/Flow.build/Debug-iphonesimulator/Flow.build/DerivedSources/arm64 -Xcc -I/Users/antoinebleuze/Library/Developer/Xcode/DerivedData/Flow-fmlhojjisvemwedqngifjsxcgemf/Build/Intermediates.noindex/Flow.build/Debug-iphonesimulator/Flow.build/DerivedSources -Xcc -DDEBUG\=1 -no-auto-bridging-header-chaining -module-name Flow -frontend-parseable-output -disable-clang-spi -target-sdk-version 26.1 -target-sdk-name iphonesimulator26.1 -clang-target arm64-apple-ios26.1-simulator -in-process-plugin-server-path /Applications/Xcode.app/Contents/Developer/Toolchains/XcodeDefault.xctoolchain/usr/lib/swift/host/libSwiftInProcPluginServer.dylib -o /Users/antoinebleuze/Library/Developer/Xcode/DerivedData/Flow-fmlhojjisvemwedqngifjsxcgemf/Build/Intermediates.noindex/Flow.build/Debug-iphonesimulator/Flow.build/Objects-normal/arm64/MapModels.o -index-unit-output-path /Flow.build/Debug-iphonesimulator/Flow.build/Objects-normal/arm64/MapModels.o -index-store-path /Users/antoinebleuze/Library/Developer/Xcode/DerivedData/Flow-fmlhojjisvemwedqngifjsxcgemf/Index.noindex/DataStore -index-system-modules

SwiftCompile normal arm64 /Users/antoinebleuze/projet\ xcode/Flow/Flow/Models/MapModels.swift (in target 'Flow' from project 'Flow')
    cd /Users/antoinebleuze/projet\ xcode/Flow
    
/Users/antoinebleuze/projet xcode/Flow/Flow/Models/MapModels.swift:136:45: error: incorrect argument label in call (have 'id:name:color:coordinates:type:', expected 'id:name:color:polylines:type:')
                        let line = LineTrace(id: UUID().uuidString, name: name, color: color, coordinates: coordinates, type: type)
                                            ^                                                 ~~~~~~~~~~~
                                                                                              polylines
/Users/antoinebleuze/projet xcode/Flow/Flow/Models/MapModels.swift:543:25: warning: main actor-isolated property 'stations' cannot be accessed from outside of the actor; this is an error in the Swift 6 language mode
            return self.stations.filter { station in
                   ~~~~~^~~~~~~~~~~~~~~~~~~~~~~~~~~~
                   await 

SwiftEmitModule normal arm64 Emitting\ module\ for\ Flow (in target 'Flow' from project 'Flow')
EmitSwiftModule normal arm64 (in target 'Flow' from project 'Flow')
    cd /Users/antoinebleuze/projet\ xcode/Flow
    

SwiftCompile normal arm64 Compiling\ MapView.swift /Users/antoinebleuze/projet\ xcode/Flow/Flow/Views/MapView.swift (in target 'Flow' from project 'Flow')

SwiftCompile normal arm64 /Users/antoinebleuze/projet\ xcode/Flow/Flow/Views/MapView.swift (in target 'Flow' from project 'Flow')
    cd /Users/antoinebleuze/projet\ xcode/Flow
    

** BUILD FAILED **


The following build commands failed:
	SwiftCompile normal arm64 Compiling\ MapModels.swift /Users/antoinebleuze/projet\ xcode/Flow/Flow/Models/MapModels.swift (in target 'Flow' from project 'Flow')
	SwiftCompile normal arm64 /Users/antoinebleuze/projet\ xcode/Flow/Flow/Models/MapModels.swift (in target 'Flow' from project 'Flow')
	Building project Flow with scheme Flow
(3 failures)
